Testing route imports...
node : 鉁?auth failed:
 Naming collision bet
ween attribute 'categ
ory' and association 
'category' on model I
tem. To remedy this, 
change either foreign
Key or as in your ass
ociation definition
所在位置 行:1 字符: 1
+ node test-routes.js
 > test-results.txt 2
>&1
+ ~~~~~~~~~~~~~~~~~~~
~~~~~~~~~~~~~~~~~~~~~
~~~
    + CategoryInfo   
           : NotSpe  
  cified: (鉁?auth    
 failed: ...tion     
definition:Strin    g
) [], RemoteExc    ep
tion
    + FullyQualified 
   ErrorId : Native  
  CommandError
 
鉁?profiles failed: Na
ming collision betwee
n attribute 'category
' and association 'ca
tegory' on model Item
. To remedy this, cha
nge either foreignKey
 or as in your associ
ation definition
鉁?locations failed: N
aming collision betwe
en attribute 'categor
y' and association 'c
ategory' on model Ite
m. To remedy this, ch
ange either foreignKe
y or as in your assoc
iation definition
鉁?categories failed: 
Naming collision betw
een attribute 'catego
ry' and association '
category' on model It
em. To remedy this, c
hange either foreignK
ey or as in your asso
ciation definition
鉁?items failed: Namin
g collision between a
ttribute 'category' a
nd association 'categ
ory' on model Item. T
o remedy this, change
 either foreignKey or
 as in your associati
on definition
鉁?lendingLogs failed:
 Naming collision bet
ween attribute 'categ
ory' and association 
'category' on model I
tem. To remedy this, 
change either foreign
Key or as in your ass
ociation definition
鉁?dashboard failed: N
aming collision betwe
en attribute 'categor
y' and association 'c
ategory' on model Ite
m. To remedy this, ch
ange either foreignKe
y or as in your assoc
iation definition
鉁?errorHandler imported
